// Jest Snapshot v1, https://goo.gl/fbAQLP

exports[`<MapWithADirectionsRenderer /> component should match the snapshot 1`] = `
  <div
  style={
    Object {
      "height": "100%",
    }
  }
/>
`;