// Jest Snapshot v1, https://goo.gl/fbAQLP

exports[`<LoadingSpinner /> component should match the snapshot 1`] = `
  <div className="overlay">
      <div className="overlay__inner">
        <div className="overlay__content"><span className="spinner"></span></div>
      </div>
      </div> 
`;