// Jest Snapshot v1, https://goo.gl/fbAQLP

exports[`<FormComponent /> component should match the snapshot 1`] = `
  <div className="col-md-3">
            <div className="form-group">
                <InputControl
                    onChange={[Function]}
                    />
            </div>
            <div className="form-group">
            <InputControl
                onChange={[Function]}
            />
            </div>
            <button className="btn btn-primary" onClick={[Function]} >Submit</button>
            <button className="btn btn-secondary resetBtn" onClick={[Function]}>Reset</button>
        </div>
        <div className="col-md-9">
            <MapWithADirectionsRenderer 
            ></MapWithADirectionsRenderer>
        </div>
        <LoadingSpinner  enableLoading = true/>
`;