// Jest Snapshot v1, https://goo.gl/fbAQLP

exports[`<InputControl /> component should match the snapshot 1`] = `
  <label />
  <input
    className="form-control"
    onChange={[Function]}
  />
`;